[33m>[39m Building...
[32mΓêÜ[39m Building...
[1mInitial chunk files[22m[2m | [22m[1mNames[22m        [2m | [22m [1mRaw size[22m[2m | [22m[1mEstimated transfer size[22m
[32mmain-B5NKVTIA.js[39m   [2m | [22m[2mmain[22m         [2m | [22m[36m506.44 kB[39m[2m | [22m              [36m119.38 kB[39m
[32mstyles-4SNTB4IN.css[39m[2m | [22m[2mstyles[22m       [2m | [22m[36m699 bytes[39m[2m | [22m              [36m699 bytes[39m

[1m [22m                  [2m | [22m[1mInitial total[22m[2m | [22m[1m[93m507.14 kB[39m[22m[2m | [22m              [1m120.08 kB[22m

Application bundle generation complete. [8.360 seconds] - 2026-05-14T05:00:23.836Z

node.exe : [1m[33m[33mΓû▓ [43;33m[[43;30mWARNING[43;33m][0m [1mbundle initial exceeded maximum budget. Budget 
500.00 kB was not met by 7.14 kB with a total of 507.14 kB.[0m
At C:\Users\krish\AppData\Roaming\npm\ng.ps1:24 char:5
+     & "node$exe"  "$basedir/node_modules/@angular/cli/bin/ng.js" $arg ...
+     ~~~~~~~~~~~~~~~~~~~~~~~~~~~~~~~~~~~~~~~~~~~~~~~~~~~~~~~~~~~~~~~~~
    + CategoryInfo          : NotSpecified: ([1m[33m[33mΓ... 507.14 kB.[0m:String) [], RemoteException
    + FullyQualifiedErrorId : NativeCommandError
 


[33mΓû▓ [43;33m[[43;30mWARNING[43;33m][0m [1msrc/app/features/workspace/workspace.component.css exceeded maximum 
budget. Budget 4.00 kB was not met by 352 bytes with a total of 4.35 kB.[0m

[39m[22m
Output location: E:\CodeSync\codesync-frontend\dist\codesync-frontend

